[
  [
    10,
    {
      "block": 414918,
      "op": [
        "transfer_to_qi",
        {
          "amount": "10.000 YANG",
          "from": "initminer",
          "to": "dage",
        },
      ],
      "op_in_trx": 0,
      "timestamp": "2025-02-04T16:05:27",
      "trx_id": "903430761b97a2ce7be79b578700ebc1598c05c9",
      "trx_in_block": 0,
      "virtual_op": 0,
    },
  ],
]